// Jest Snapshot v1, https://goo.gl/fbAQLP

exports[`Brand matches snapshot 1`] = `
<div>
  <div
    class="flex flex-col items-center"
  >
    <svg
      class="w-auto h-28 lg:h-32"
      height="312.386"
      viewBox="0 0 84.415 82.652"
      width="319.049"
      xmlns="http://www.w3.org/2000/svg"
    >
      <g
        stroke-width="0"
      >
        <path
          d="M49.637 6.872l.87-1.637L49.202 5z"
          fill="#e9ca87"
        />
        <path
          d="M46.767 7.072l1.103-1.805-2.272.2z"
          fill="#cfb177"
        />
        <path
          d="M47.867 5.268l1.771 1.603-.434-1.87z"
          fill="#d7c18a"
        />
        <path
          d="M44.427 7.272l1.17-1.805H43.96z"
          fill="#caae7d"
        />
        <path
          d="M40.887 7.406l.468-1.972-.935.067z"
          fill="#e9cd9f"
        />
        <path
          d="M42.857 6.203l1.57 1.069-.467-1.804z"
          fill="#b69676"
        />
        <path
          d="M36.137 7.206l1.838-1.437-1.87-.267z"
          fill="#d0b486"
        />
        <path
          d="M49.637 6.872l2.005-1.27-1.136-.367z"
          fill="#d9be77"
        />
        <path
          d="M38.977 6.437l1.905.968-.468-1.904z"
          fill="#cfb28e"
        />
        <path
          d="M40.887 7.406l1.972-1.203-1.504-.769z"
          fill="#d0b497"
        />
        <path
          d="M34.607 5l1.537 2.206-.033-1.704z"
          fill="#dcc598"
        />
        <path
          d="M44.427 7.272l2.34-.2-1.17-1.604z"
          fill="#c29e6b"
        />
        <path
          d="M46.767 7.072l2.874-.2-1.771-1.604z"
          fill="#d5ba89"
        />
        <path
          d="M33.697 5.3l2.44 1.905L34.598 5z"
          fill="#e7cb9f"
        />
        <path
          d="M40.887 7.406l1.738.935.234-2.138z"
          fill="#e9cd9f"
        />
        <path
          d="M28.958 7.072l.301 1.403.468-1.27z"
          fill="#dfbf6c"
        />
        <path
          d="M42.617 8.342l1.805-1.07-1.57-1.069z"
          fill="#b69676"
        />
        <path
          d="M51.647 5.602l.87 2.806.5-2.205z"
          fill="#e7ca86"
        />
        <path
          d="M52.507 8.408l1.704-1.905-1.202-.3z"
          fill="#dcb97d"
        />
        <path
          d="M25.684 7.506l1.704 1.035V7.038z"
          fill="#e7c591"
        />
        <path
          d="M36.137 7.206l2.84-.769-1.002-.668z"
          fill="#c9ae74"
        />
        <path
          d="M27.387 8.542l1.57-1.47-1.57-.034z"
          fill="#e0be88"
        />
        <path
          d="M36.137 7.206l2.54 1.336.3-2.105z"
          fill="#cca86d"
        />
        <path
          d="M38.677 8.542l2.205-1.136-1.904-.97z"
          fill="#9a6b43"
        />
        <path
          d="M49.637 6.872l2.874 1.536-.87-2.806z"
          fill="#e1c688"
        />
        <path
          d="M46.767 7.072l1.905 1.837.969-2.038z"
          fill="#d5ba80"
        />
        <path
          d="M31.567 6.972l1.504 2.037-.535-2.906z"
          fill="#e4bb6b"
        />
        <path
          d="M27.387 8.542l1.871-.067-.3-1.403z"
          fill="#ddc28c"
        />
        <path
          d="M47.097 8.676l1.57.233-1.904-1.837z"
          fill="#b89665"
        />
        <path
          d="M32.537 6.103l3.609 1.102-2.44-1.904z"
          fill="#d5b785"
        />
        <path
          d="M44.427 7.272l1.303 2.037 1.036-2.238z"
          fill="#b99062"
        />
        <path
          d="M33.067 9.01l3.074-1.805-3.608-1.102z"
          fill="#dfb46d"
        />
        <path
          d="M45.727 9.31l1.37-.635-.334-1.604z"
          fill="#b59676"
        />
        <path
          d="M48.667 8.909l1.437.434-.468-2.472z"
          fill="#caa479"
        />
        <path
          d="M29.726 7.206l1.838-.234-1.036-.234z"
          fill="#e3ceb0"
        />
        <path
          d="M33.067 9.01l2.34.066.734-1.87z"
          fill="#a06a2b"
        />
        <path
          d="M41.147 9.41l1.47-1.069-1.737-.935z"
          fill="#5b3323"
        />
        <path
          d="M55.417 6.838l1.838 2.438.4-2.372z"
          fill="#e8caa4"
        />
        <path
          d="M42.617 8.342l1.47 1.135.335-2.205z"
          fill="#a78765"
        />
        <path
          d="M50.107 9.344l2.406-.936-2.873-1.537z"
          fill="#dcb47b"
        />
        <path
          d="M60.057 9.544L61.36 8.14l-1.703-.634z"
          fill="#ddc494"
        />
        <path
          d="M44.087 9.477l1.637-.167-1.302-2.038z"
          fill="#b68d60"
        />
        <path
          d="M57.257 9.277l2.406-1.771-2.005-.601z"
          fill="#e9caa5"
        />
        <path
          d="M29.258 8.475l2.306-1.504-1.838.234z"
          fill="#d8b266"
        />
        <path
          d="M54.217 6.504l.702 3.307.501-2.973z"
          fill="#ebcd96"
        />
        <path
          d="M38.677 8.542l2.473.868-.268-2.004z"
          fill="#ab7f5b"
        />
        <path
          d="M52.507 8.408l2.406 1.403-.702-3.308z"
          fill="#e3bb82"
        />
        <path
          d="M54.917 9.812l2.34-.535-1.838-2.439z"
          fill="#e1c698"
        />
        <path
          d="M47.097 8.676l1.036 1.436.535-1.203z"
          fill="#9d7f57"
        />
        <path
          d="M24.648 10.212l1.036-2.707-2.138.335z"
          fill="#d0b081"
        />
        <path
          d="M31.296 10.212l1.771-1.203-1.503-2.038z"
          fill="#e3b771"
        />
        <path
          d="M29.258 8.475l2.038 1.737.268-3.24z"
          fill="#e7c583"
        />
        <path
          d="M35.407 9.077l3.274-.535-2.539-1.336z"
          fill="#d1aa65"
        />
        <path
          d="M57.257 9.277l2.807.267-.401-2.038z"
          fill="#ddbb92"
        />
        <path
          d="M38.677 8.542l1.303 1.804 1.17-.936z"
          fill="#abb537"
        />
        <path
          d="M29.76 10.146l1.537.066-2.038-1.737z"
          fill="#d7a778"
        />
        <path
          d="M25.684 7.506l1.37 2.505.334-1.47z"
          fill="#e6c395"
        />
        <path
          d="M19.904 9.444l1.537 1.035.067-1.804z"
          fill="#e2c891"
        />
        <path
          d="M24.648 10.212l2.406-.2-1.37-2.506z"
          fill="#daae7d"
        />
        <path
          d="M48.137 10.112l1.972-.769-1.437-.434z"
          fill="#bb905d"
        />
        <path
          d="M27.053 10.012l2.205-1.537-1.87.067z"
          fill="#dbb680"
        />
        <path
          d="M27.053 10.012l2.707.133-.502-1.67z"
          fill="#caa075"
        />
        <path
          d="M50.107 9.344l2.105 1.703.3-2.639z"
          fill="#d1a26c"
        />
        <path
          d="M45.727 9.31l2.406.801-1.036-1.436z"
          fill="#a08352"
        />
        <path
          d="M21.508 8.676l3.14 1.536-1.102-2.372z"
          fill="#e2bc8e"
        />
        <path
          d="M60.057 9.544l3.107-.301L61.36 8.14z"
          fill="#e1c290"
        />
        <path
          d="M27.053 10.012l1.404 1.37 1.303-1.237z"
          fill="#d3ab75"
        />
        <path
          d="M21.441 10.48l3.208-.268-3.14-1.536z"
          fill="#ddbc88"
        />
        <path
          d="M41.147 9.41l2.94.067-1.47-1.136z"
          fill="#aa865f"
        />
        <path
          d="M52.207 11.048l2.707-1.237-2.406-1.403z"
          fill="#e2b57a"
        />
        <path
          d="M48.137 10.112l2.072.968-.1-1.737z"
          fill="#c29059"
        />
        <path
          d="M50.207 11.08l2.005-.033-2.105-1.704z"
          fill="#b1855e"
        />
        <path
          d="M36.707 11.582l1.972-3.04-3.274.534z"
          fill="#9ba12a"
        />
        <path
          d="M60.057 9.544l2.139 2.138.969-2.439z"
          fill="#dab882"
        />
        <path
          d="M58.127 11.95l1.938-2.406-2.806-.267z"
          fill="#d7af82"
        />
        <path
          d="M62.197 11.682l2.272-1.27-1.303-1.17z"
          fill="#e6c68d"
        />
        <path
          d="M34.937 12.117l1.771-.535-1.303-2.506z"
          fill="#9cad10"
        />
        <path
          d="M36.707 11.582l3.274-1.237-1.302-1.804z"
          fill="#9ba12a"
        />
        <path
          d="M33.067 9.01l1.871 3.107.468-3.04z"
          fill="#b8b357"
        />
        <path
          d="M27.187 12.416l1.27-1.036-1.403-1.37z"
          fill="#d0ae72"
        />
        <path
          d="M19.57 12.486l.335-3.04-1.704.801z"
          fill="#d4b786"
        />
        <path
          d="M19.57 12.486l1.871-2.005-1.536-1.036z"
          fill="#e3c38d"
        />
        <path
          d="M22.577 12.616l2.072-2.406-3.207.267z"
          fill="#e0b384"
        />
        <path
          d="M22.577 12.616l1.805-.2.267-2.206z"
          fill="#e6b075"
        />
        <path
          d="M54.917 9.812l3.208 2.138-.869-2.673z"
          fill="#cea177"
        />
        <path
          d="M24.648 10.212l2.54 2.205-.134-2.406z"
          fill="#d0a164"
        />
        <path
          d="M55.247 12.756l2.874-.802-3.208-2.138z"
          fill="#d09669"
        />
        <path
          d="M50.207 11.08l2.105 1.404-.1-1.437z"
          fill="#ae8260"
        />
        <path
          d="M16.964 12.816l1.237-2.573-1.771 1.07z"
          fill="#e4c39b"
        />
        <path
          d="M31.296 10.212l3.642 1.904-1.87-3.107z"
          fill="#b4b93e"
        />
        <path
          d="M24.381 12.416h2.807l-2.54-2.205z"
          fill="#ce9c54"
        />
        <path
          d="M52.207 11.048l3.04 1.703-.333-2.94z"
          fill="#b38263"
        />
        <path
          d="M15.06 12.346l1.905.467-.535-1.503z"
          fill="#dbc19a"
        />
        <path
          d="M64.467 10.413l-.267 2.94 1.437-1.504z"
          fill="#e5d287"
        />
        <path
          d="M16.964 12.816l2.606-.334-1.37-2.239z"
          fill="#dcc59a"
        />
        <path
          d="M62.197 11.682l2.005 1.67.267-2.94z"
          fill="#e2be7e"
        />
        <path
          d="M52.307 12.486l2.94.267-3.04-1.704z"
          fill="#b97f4a"
        />
        <path
          d="M63.167 13.486l1.047-.161-2.015-1.644z"
          fill="#e5bf81"
        />
        <path
          d="M19.57 12.486l3.007.133-1.136-2.138z"
          fill="#e2c298"
        />
        <path
          d="M58.127 11.95l4.076-.268-2.138-2.138z"
          fill="#d5ad7b"
        />
        <path
          d="M27.187 12.416l2.184.61-.914-1.646z"
          fill="#debb85"
        />
        <path
          d="M64.207 13.356l1.863-.59-.426-.914z"
          fill="#e3ca93"
        />
        <path
          d="M58.127 11.95l2.473 2.07 1.603-2.338z"
          fill="#dcb586"
        />
        <path
          d="M14.158 14.126l.903-1.771-1.47 1.17z"
          fill="#d6ba96"
        />
        <path
          d="M22.577 12.616l1.537 1.536.268-1.737z"
          fill="#d7b587"
        />
        <path
          d="M14.158 14.126l.936.167-.033-1.938z"
          fill="#d5b680"
        />
        <path
          d="M16.964 12.816l1.805 1.47.801-1.805z"
          fill="#e7d09c"
        />
        <path
          d="M24.381 12.416l1.938 1.937.869-1.937z"
          fill="#e1b376"
        />
        <path
          d="M15.093 14.286l1.871-1.47-1.904-.468z"
          fill="#ceb173"
        />
        <path
          d="M60.597 14.026l2.573-.535-.969-1.804z"
          fill="#e5c282"
        />
        <path
          d="M19.57 12.486l1.938 2.071 1.07-1.938z"
          fill="#d9b884"
        />
        <path
          d="M58.257 14.226l2.34-.2-2.473-2.072z"
          fill="#ddb786"
        />
        <path
          d="M27.187 12.416l1.805 1.97.379-1.36z"
          fill="#dea770"
        />
        <path
          d="M24.113 14.156l2.205.2-1.937-1.938z"
          fill="#d8ae7e"
        />
        <path
          d="M55.247 12.756l3.007 1.47-.133-2.272z"
          fill="#debf8b"
        />
        <path
          d="M13.322 14.886l.836-.769-.568-.601z"
          fill="#ddb574"
        />
        <path
          d="M12.343 14.886l1.023-.037.224-1.328z"
          fill="#ebd4b8"
        />
        <path
          d="M26.318 14.356l2.673.033-1.804-1.971z"
          fill="#d5b274"
        />
        <path
          d="M18.768 14.286l2.74.267-1.938-2.072z"
          fill="#dcc08a"
        />
        <path
          d="M60.597 14.026l2.506.634.067-1.169z"
          fill="#e2bc7c"
        />
        <path
          d="M21.508 14.556l2.606-.401-1.536-1.537z"
          fill="#d8b584"
        />
        <path
          d="M55.247 12.756l1.871 2.806 1.136-1.337z"
          fill="#dbb37c"
        />
        <path
          d="M52.307 12.486l2.606 2.74.334-2.473z"
          fill="#d7a683"
        />
        <path
          d="M54.917 15.226l2.205.334-1.87-2.807z"
          fill="#bb9156"
        />
        <path
          d="M15.694 15.696l1.27-2.874-1.87 1.47z"
          fill="#ccb276"
        />
        <path
          d="M49.767 15.026l2.005.801-.601-2.071z"
          fill="#835736"
        />
        <path
          d="M29.025 15.496l2.005.334-2.038-1.437z"
          fill="#c7a968"
        />
        <path
          d="M51.777 15.826l.535-3.341-1.136 1.27z"
          fill="#a87b69"
        />
        <path
          d="M15.694 15.696l3.074-1.404-1.804-1.47z"
          fill="#d8be81"
        />
        <path
          d="M24.314 16.026l2.005-1.67-2.205-.201z"
          fill="#cea974"
        />
        <path
          d="M51.777 15.826l3.14-.602-2.605-2.74z"
          fill="#c59566"
        />
        <path
          d="M26.318 14.356l2.707 1.135-.034-1.102z"
          fill="#c7a968"
        />
        <path
          d="M60.997 16.356l2.105-1.704-2.505-.635z"
          fill="#e8c580"
        />
        <path
          d="M60.997 16.356l2.272-.502-.167-1.202z"
          fill="#e9c78c"
        />
        <path
          d="M22.11 16.556l2.004-2.406-2.606.401z"
          fill="#dfc182"
        />
        <path
          d="M22.11 16.556l2.204-.535-.2-1.87z"
          fill="#ccaf6d"
        />
        <path
          d="M57.117 15.556l1.738 1.436-.602-2.773z"
          fill="#e1c681"
        />
        <path
          d="M29.025 15.496l1.003 1.637 1.002-1.303z"
          fill="#e0c984"
        />
        <path
          d="M58.857 16.996l1.738-2.974-2.339.2z"
          fill="#d7bb78"
        />
        <path
          d="M58.857 16.996l2.139-.635-.401-2.339z"
          fill="#ebc488"
        />
        <path
          d="M26.318 14.356l1.604 2.84 1.103-1.705z"
          fill="#e4c487"
        />
        <path
          d="M15.694 15.696l2.74 1.336.334-2.74z"
          fill="#dec990"
        />
        <path
          d="M57.957 17.426l.903-.435-1.738-1.436z"
          fill="#d4be6e"
        />
        <path
          d="M25.75 17.666l.568-3.308-2.004 1.67z"
          fill="#d4b16f"
        />
        <path
          d="M18.434 17.026l3.074-2.473-2.74-.267z"
          fill="#dac083"
        />
        <path
          d="M27.922 17.196l2.105-.067-1.002-1.637z"
          fill="#ddbc80"
        />
        <path
          d="M25.75 17.666l2.172-.468-1.604-2.84z"
          fill="#d1a669"
        />
        <path
          d="M54.917 17.626l2.205-2.072-2.205-.334z"
          fill="#bfa45c"
        />
        <path
          d="M18.434 17.026l3.675-.468-.6-2.005z"
          fill="#dac581"
        />
        <path
          d="M18.434 17.026l2.573 1.002 1.102-1.47z"
          fill="#cdb256"
        />
        <path
          d="M51.777 15.826l3.14 1.804v-2.406z"
          fill="#caaa63"
        />
        <path
          d="M47.837 15.896l1.838 2.438.1-3.307z"
          fill="#e6b76b"
        />
        <path
          d="M24.314 16.026l.735 2.305.702-.668z"
          fill="#c9a55b"
        />
        <path
          d="M49.667 18.326l2.105-2.506-2.004-.802z"
          fill="#b88b49"
        />
        <path
          d="M49.667 18.326l2.139-.702-.034-1.804z"
          fill="#c09344"
        />
        <path
          d="M51.807 17.626h3.107l-3.14-1.805z"
          fill="#c8a159"
        />
        <path
          d="M32.267 18.566l1.237-1.07-.602-1.002z"
          fill="#c8a475"
        />
        <path
          d="M54.917 17.626l3.04-.2-.835-1.872z"
          fill="#dccb8e"
        />
        <path
          d="M31.03 15.826l1.236 2.74.634-2.072z"
          fill="#a77d58"
        />
        <path
          d="M30.027 17.126l2.239 1.436-1.236-2.74z"
          fill="#7a5827"
        />
        <path
          d="M43.157 18.966l1.37-1.404-2.071-.267z"
          fill="#c4a473"
        />
        <path
          d="M44.527 17.566l1.504 1.603-.134-2.506z"
          fill="#c8aa77"
        />
        <path
          d="M22.11 16.556l2.94 1.77-.736-2.305z"
          fill="#cfb06b"
        />
        <path
          d="M29.492 18.296l2.773.267-2.238-1.437z"
          fill="#a78748"
        />
        <path
          d="M46.027 19.166l1.805-3.275-1.938.769z"
          fill="#d8b787"
        />
        <path
          d="M35.777 17.696l1.57 2.138.702-1.537z"
          fill="#92745a"
        />
        <path
          d="M46.027 19.166l3.642-.836-1.838-2.439z"
          fill="#9f764b"
        />
        <path
          d="M29.76 19.636l2.506-1.07-2.773-.267z"
          fill="#b6a05a"
        />
        <path
          d="M38.047 18.296l2.105 1.737-.234-2.472z"
          fill="#efd1a2"
        />
        <path
          d="M32.267 18.566l1.67 1.804-.433-2.874z"
          fill="#caae7e"
        />
        <path
          d="M21.006 18.026l4.043.3-2.94-1.77z"
          fill="#d2b97e"
        />
        <path
          d="M43.157 18.966l2.874.2-1.504-1.604z"
          fill="#d8bc82"
        />
        <path
          d="M40.147 20.036l2.306-2.74-2.54.267z"
          fill="#7d5735"
        />
        <path
          d="M33.937 20.366l1.838-2.673-2.272-.2z"
          fill="#b79c66"
        />
        <path
          d="M40.147 20.036l3.007-1.07-.701-1.67z"
          fill="#cba77e"
        />
        <path
          d="M30.628 20.506l1.637-1.938-2.505 1.069z"
          fill="#7d733f"
        />
        <path
          d="M46.027 19.166l2.306 1.436 1.336-2.272z"
          fill="#bd9d57"
        />
        <path
          d="M37.347 19.836l2.807.2-2.105-1.737z"
          fill="#c8a867"
        />
        <path
          d="M43.157 18.966l1.871 2.271 1.003-2.07z"
          fill="#d9b97c"
        />
        <path
          d="M33.937 20.366l3.408-.535-1.57-2.138z"
          fill="#a78f67"
        />
        <path
          d="M40.147 20.036l1.871 1.536 1.136-2.606z"
          fill="#d4bd84"
        />
        <path
          d="M31.427 21.476l.836-2.907-1.637 1.938z"
          fill="#776634"
        />
        <path
          d="M31.427 21.476l2.506-1.103-1.67-1.804z"
          fill="#cab86f"
        />
        <path
          d="M33.937 20.366l2.205 1.403 1.203-1.938z"
          fill="#c3ae6d"
        />
        <path
          d="M42.017 21.576l3.007-.335-1.87-2.271z"
          fill="#d7bc81"
        />
        <path
          d="M45.027 21.236l3.308-.635-2.305-1.437z"
          fill="#d4bf7b"
        />
        <path
          d="M38.617 22.506l1.537-2.473-2.806-.2z"
          fill="#e3cfa3"
        />
        <path
          d="M36.137 21.776l2.473.735-1.27-2.673z"
          fill="#c9b675"
        />
        <path
          d="M31.997 22.676l1.938-2.306-2.505 1.103z"
          fill="#b8aa5e"
        />
        <path
          d="M45.867 22.946l2.473-2.339-3.308.635z"
          fill="#dac77f"
        />
        <path
          d="M38.617 22.506l3.408-.936-1.87-1.537z"
          fill="#d3bf80"
        />
        <path
          d="M33.367 23.606l.568-3.241-1.937 2.305z"
          fill="#a6893f"
        />
        <path
          d="M33.367 23.606l2.773-1.838-2.205-1.403z"
          fill="#c4ac63"
        />
        <path
          d="M45.027 21.236l-.4 2.772 1.236-1.069z"
          fill="#d9cb84"
        />
        <path
          d="M33.367 23.606l1.938.233.835-2.07z"
          fill="#9a7a3a"
        />
        <path
          d="M42.017 21.576l2.606 2.438.401-2.773z"
          fill="#cfbc76"
        />
        <path
          d="M43.227 24.476l1.404-.468-2.606-2.439z"
          fill="#dfd18b"
        />
        <path
          d="M41.857 24.246l1.37.233-1.202-2.906z"
          fill="#edd588"
        />
        <path
          d="M42.017 21.576l-1.135 3.006.968-.334z"
          fill="#a27c3d"
        />
        <path
          d="M38.617 22.506l2.272 2.07 1.136-3.006z"
          fill="#e1ca89"
        />
        <path
          d="M35.307 23.846l3.308-1.337-2.472-.735z"
          fill="#b19d56"
        />
        <path
          d="M36.607 25.616l2.005-3.107-3.308 1.336z"
          fill="#baa65e"
        />
        <path
          d="M38.617 22.506l1.67 3.24.602-1.17z"
          fill="#b99855"
        />
        <path
          d="M36.607 25.616l3.675.133-1.67-3.24z"
          fill="#bfac67"
        />
        <path
          d="M36.607 25.616l2.372 1.536 1.303-1.403z"
          fill="#ca9e5b"
        />
        <path
          d="M57.897 24.286L45.97 22.929l2.386-2.292z"
          fill="none"
        />
        <g>
          <path
            d="M41.917 11.445l2.178-1.968-2.94-.067z"
            fill="#919727"
          />
          <path
            d="M45.997 11.398l2.134-1.286-2.406-.802z"
            fill="#848916"
          />
          <path
            d="M39.987 10.346l1.932 1.099-.762-2.035z"
            fill="#81782a"
          />
          <path
            d="M44.087 9.477l1.91 1.92-.284-2.079z"
            fill="#919727"
          />
          <path
            d="M29.76 10.146l1.123 1.96.414-1.894z"
            fill="#acb139"
          />
          <path
            d="M48.367 12.316l1.843-1.239-2.072-.969z"
            fill="#7f8517"
          />
          <path
            d="M40.237 12.626l1.678-1.182-1.932-1.099z"
            fill="#a5a435"
          />
          <path
            d="M45.997 11.398l2.363.92-.23-2.206z"
            fill="#a4ac2c"
          />
          <path
            d="M28.457 11.382l2.426.725-1.123-1.962z"
            fill="#c0be57"
          />
          <path
            d="M29.37 13.026l1.512-.922-2.425-.725z"
            fill="#c0c84d"
          />
          <path
            d="M43.327 13.026l.76-3.551-2.177 1.968z"
            fill="#72751a"
          />
          <path
            d="M43.327 13.026l2.67-1.63-1.91-1.921z"
            fill="#6c6b22"
          />
          <path
            d="M36.707 11.582l3.529 1.044-.254-2.28z"
            fill="#9ba12a"
          />
          <path
            d="M30.882 12.107l4.056.01-3.641-1.905z"
            fill="#b4b93e"
          />
          <path
            d="M32.347 13.646l2.592-1.526-4.056-.01z"
            fill="#a4b236"
          />
          <path
            d="M50.207 11.08l.97 2.673 1.135-1.27z"
            fill="#acb830"
          />
          <path
            d="M37.587 14.096l2.646-1.465-3.528-1.045z"
            fill="#abb537"
          />
          <path
            d="M48.367 12.316l2.812 1.434-.97-2.673z"
            fill="#919617"
          />
          <path
            d="M40.237 12.626l3.095.401-1.417-1.583z"
            fill="#acb830"
          />
          <path
            d="M44.777 14.726l1.229-3.331-2.67 1.63z"
            fill="#848916"
          />
          <path
            d="M34.937 12.117l2.654 1.974-.883-2.509z"
            fill="#9cad10"
          />
          <path
            d="M32.347 13.646l2.528.803.064-2.33z"
            fill="#bbc03f"
          />
          <path
            d="M34.877 14.446l2.717-.355-2.653-1.974z"
            fill="#b8b357"
          />
          <path
            d="M48.337 12.313l1.432 2.71 1.403-1.27z"
            fill="#676204"
          />
          <path
            d="M45.997 11.398l2.056 3.023.307-2.102z"
            fill="#676823"
          />
          <path
            d="M48.057 14.426l1.715.6-1.407-2.703z"
            fill="#acb439"
          />
          <path
            d="M29.37 13.026l2.977.614-1.465-1.536z"
            fill="#aabd3e"
          />
          <path
            d="M40.757 15.016l2.575-1.985-3.094-.401z"
            fill="#acb22b"
          />
          <path
            d="M44.777 14.726l3.284-.308-2.055-3.023z"
            fill="#747812"
          />
          <path
            d="M28.991 14.386l3.356-.747-2.977-.614z"
            fill="#bacc40"
          />
          <path
            d="M37.587 14.096l3.166.92-.52-2.385z"
            fill="#a9b024"
          />
          <path
            d="M28.991 14.386l2.033 1.427 1.323-2.174z"
            fill="#d5d25b"
          />
          <path
            d="M47.837 15.896l1.938-.869-1.715-.601z"
            fill="#acb439"
          />
          <path
            d="M32.887 16.496l1.985-2.056-2.528-.803z"
            fill="#b9be2b"
          />
          <path
            d="M31.024 15.816l1.867.685-.544-2.859z"
            fill="#bfc142"
          />
          <path
            d="M44.777 14.726l3.061 1.162.223-1.47z"
            fill="#645c0e"
          />
          <path
            d="M45.897 16.656l1.938-.769-3.06-1.163z"
            fill="#625b06"
          />
          <path
            d="M32.897 16.496l2.093-.394-.118-1.654z"
            fill="#a8b016"
          />
          <path
            d="M37.947 16.426l2.812-1.418-3.166-.921z"
            fill="#7b7f10"
          />
          <path
            d="M34.997 16.096l2.6-2.008-2.718.354z"
            fill="#b8b54d"
          />
          <path
            d="M40.757 15.016l4.016-.284-1.44-1.7z"
            fill="#615c03"
          />
          <path
            d="M34.997 16.096l2.953.33-.354-2.338z"
            fill="#9b9434"
          />
          <path
            d="M42.457 17.296l2.318-2.566-4.016.283z"
            fill="#848916"
          />
          <path
            d="M44.777 14.726l-.246 2.833 1.37-.902z"
            fill="#5b580a"
          />
          <path
            d="M37.947 16.426l1.97 1.132.842-2.55z"
            fill="#888f09"
          />
          <path
            d="M33.497 17.496l1.492-1.397-2.093.394z"
            fill="#ada530"
          />
          <path
            d="M42.457 17.296l2.072.267.246-2.833z"
            fill="#5f5e0a"
          />
          <path
            d="M35.777 17.696l2.173-1.266-2.953-.331z"
            fill="#a19c33"
          />
          <path
            d="M39.917 17.566l2.54-.268-1.699-2.282z"
            fill="#859410"
          />
          <path
            d="M33.497 17.496l2.272.2-.78-1.597z"
            fill="#a79e3a"
          />
          <path
            d="M38.047 18.296l1.871-.735-1.97-1.133z"
            fill="#888f09"
          />
          <path
            d="M35.777 17.696l2.272.6-.1-1.866z"
            fill="#a29842"
          />
          <path
            d="M64.217 13.326l3.507 3.663-1.654-4.226z"
            fill="#fdc501"
          />
          <path
            d="M9.256 19.186l4.11-4.34-1.023.037z"
            fill="#d2b298"
          />
          <path
            d="M9.256 19.186l6.375-3.48-2.265-.86z"
            fill="#e2882a"
          />
          <path
            d="M54.917 17.626l2.983 6.656.058-6.857z"
            fill="#fdd108"
          />
          <path
            d="M18.41 17.026l1.51 9.22 1.102-8.228z"
            fill="#fda706"
          />
          <path
            d="M67.717 16.986l8.794 5.098-3.087-5.66z"
            fill="#f6bd0a"
          />
          <path
            d="M19.92 26.246l5.104-7.88-4.002-.348z"
            fill="#feaf02"
          />
          <path
            d="M9.256 19.186l9.153-2.158-2.778-1.322z"
            fill="#e97d00"
          />
          <path
            d="M69.777 27.186l6.736-5.099-8.794-5.098z"
            fill="#fec701"
          />
          <path
            d="M57.897 24.286l9.823-7.297-4.453-1.13z"
            fill="#feda00"
          />
          <path
            d="M9.256 19.186l10.664 7.062-1.51-9.22z"
            fill="#f78002"
          />
          <path
            d="M69.777 27.186l7.963-.961-1.227-4.138z"
            fill="#febc01"
          />
          <path
            d="M57.897 24.286l11.88 2.9-2.058-10.197z"
            fill="#fedf04"
          />
          <path
            d="M31.957 22.636l-.152 6.981 1.558-6.022z"
            fill="#f89704"
          />
          <path
            d="M7.338 23.306l12.582 2.946L9.256 19.19z"
            fill="#d85b01"
          />
          <path
            d="M19.92 26.246l10.643-5.698-5.54-2.183z"
            fill="#fdc021"
          />
          <path
            d="M19.92 26.246l11.88 3.367.153-6.981z"
            fill="#fda301"
          />
          <path
            d="M45.867 22.946l12.036 1.344-9.564-3.683z"
            fill="#ffc60d"
          />
          <path
            d="M31.797 29.616l7.18-2.484-2.364-1.521z"
            fill="#fda405"
          />
          <path
            d="M69.777 27.186l8.98 3.648-1.017-4.61z"
            fill="#feba02"
          />
          <path
            d="M5.654 28.586l14.266-2.339L7.338 23.3z"
            fill="#db5902"
          />
          <path
            d="M45.737 32.516l12.161-8.232-12.036-1.345z"
            fill="#fec203"
          />
          <path
            d="M59.867 34.856l9.916-7.671-11.88-2.9z"
            fill="#fdde41"
          />
          <path
            d="M45.737 32.516l14.125 2.338-1.964-10.57z"
            fill="#fdcc46"
          />
          <path
            d="M5 34.386l14.92-8.139-14.266 2.339z"
            fill="#cb4902"
          />
          <path
            d="M47.517 39.436l12.348-4.584-14.125-2.339z"
            fill="#fcb717"
          />
          <path
            d="M5 34.386l13.143 6.454 1.778-14.593z"
            fill="#e26102"
          />
          <path
            d="M69.777 27.186l9.636 9.494-.655-5.846z"
            fill="#fdb501"
          />
          <path
            d="M59.867 34.856l9.73 7.764.186-15.435z"
            fill="#fecc01"
          />
          <path
            d="M69.587 42.616l9.823-5.94-9.635-9.495z"
            fill="#feb601"
          />
          <path
            d="M18.143 40.846L31.8 29.62l-11.88-3.368z"
            fill="#fd8501"
          />
          <path
            d="M32.267 41.026L38.98 27.13l-7.18 2.483z"
            fill="#fe9e01"
          />
          <path
            d="M32.267 41.026l13.47-8.513-6.758-5.383z"
            fill="#fd9902"
          />
          <path
            d="M18.143 40.846l14.125.187-.467-11.412z"
            fill="#fc7e01"
          />
          <path
            d="M69.587 42.616l9.589-.188.234-5.753z"
            fill="#fdb91e"
          />
          <path
            d="M5.421 42.056l12.722-1.217L5 34.385z"
            fill="#d25e28"
          />
          <path
            d="M32.267 41.026l15.248-1.59-1.777-6.923z"
            fill="#fe8201"
          />
          <path
            d="M60.147 48.986l9.448-6.361-9.728-7.765z"
            fill="#fead00"
          />
          <path
            d="M47.517 39.436l12.628 9.541-.28-14.125z"
            fill="#feb003"
          />
          <path
            d="M69.587 42.616l8.934 6.267.655-6.455z"
            fill="#feac21"
          />
          <path
            d="M7.151 49.166l10.991-8.326L5.42 42.056z"
            fill="#d75724"
          />
          <path
            d="M48.077 51.226l12.067-2.246-12.628-9.541z"
            fill="#fe7b01"
          />
          <path
            d="M20.762 52.626l11.506-11.6-14.125-.188z"
            fill="#f16301"
          />
          <path
            d="M36.007 52.906l11.506-13.47-15.248 1.59z"
            fill="#fd6c01"
          />
          <path
            d="M36.007 52.906l12.067-1.684-.56-11.787z"
            fill="#ff7101"
          />
          <path
            d="M7.151 49.166l13.611 3.46-2.619-11.786z"
            fill="#e05705"
          />
          <path
            d="M69.587 42.616l7.484 11.646 1.45-5.38z"
            fill="#f09d2d"
          />
          <path
            d="M9.537 55.576l11.225-2.947-13.61-3.461z"
            fill="#db5427"
          />
          <path
            d="M20.762 52.626l15.248.28-3.741-11.88z"
            fill="#f46601"
          />
          <path
            d="M65.387 58.246l4.21-15.622-9.448 6.36z"
            fill="#fe9600"
          />
          <path
            d="M48.077 51.226l7.671 7.67 4.397-9.916z"
            fill="#fe7301"
          />
          <path
            d="M65.387 58.246L77.08 54.27l-7.483-11.646z"
            fill="#fe9b03"
          />
          <path
            d="M36.007 52.906l7.297 7.483 4.77-9.167z"
            fill="#fb6802"
          />
          <path
            d="M55.747 58.896l9.636-.655-5.239-9.261z"
            fill="#fe7a01"
          />
          <path
            d="M65.387 58.246l9.355 2.478 2.338-6.454z"
            fill="#fd903f"
          />
          <path
            d="M12.811 61.846l7.952-9.215-11.225 2.947z"
            fill="#dd5426"
          />
          <path
            d="M25.813 63.666L36.01 52.908l-15.248-.281z"
            fill="#ed5401"
          />
          <path
            d="M43.307 60.396l12.441-1.497-7.67-7.67z"
            fill="#fb6b01"
          />
          <path
            d="M12.811 61.846l13.003 1.824-5.05-11.038z"
            fill="#e24e15"
          />
          <path
            d="M65.387 58.246l4.444 9.681 4.911-7.203z"
            fill="#fd8535"
          />
          <path
            d="M18.33 68.346l7.484-4.678-13.003-1.824z"
            fill="#d8542e"
          />
          <path
            d="M56.307 67.596l9.074-9.355-9.635.655z"
            fill="#ff7001"
          />
          <path
            d="M25.813 63.666l17.493-3.274-7.296-7.484z"
            fill="#f25a01"
          />
          <path
            d="M43.307 60.396l13.003 7.202-.56-8.7z"
            fill="#fd6600"
          />
          <path
            d="M56.307 67.596l13.517.327-4.443-9.682z"
            fill="#ff7606"
          />
          <path
            d="M25.813 63.666l13.751 7.67 3.742-10.945z"
            fill="#f45402"
          />
          <path
            d="M18.33 68.346l7.344 4.817.14-9.495z"
            fill="#d74719"
          />
          <path
            d="M61.177 73.726l8.653-5.8-13.517-.328z"
            fill="#fc702f"
          />
          <path
            d="M25.673 73.166l13.891-1.825-13.75-7.67z"
            fill="#e3440a"
          />
          <path
            d="M39.567 71.336l16.744-3.742-13.003-7.203z"
            fill="#fa5b01"
          />
          <path
            d="M25.673 73.166l8.887 3.507 5.005-5.332z"
            fill="#d63f13"
          />
          <path
            d="M53.827 76.906l7.344-3.18-4.865-6.128z"
            fill="#f5612e"
          />
          <path
            d="M44.287 77.656L56.307 67.6 39.563 71.34z"
            fill="#f0520d"
          />
          <path
            d="M44.287 77.656l9.542-.749 2.479-9.307z"
            fill="#f25a21"
          />
          <path
            d="M34.557 76.666l9.73.982-4.725-6.314z"
            fill="#d84217"
          />
          <path
            d="M67.717 16.986l5.707-.562-1.815-2.06z"
            fill="#f2bc05"
          />
          <path
            d="M67.717 16.986l.852-5.265 3.04 2.643z"
            fill="#fcc504"
          />
          <path
            d="M68.577 11.725l-.851 5.264-1.654-4.225z"
            fill="#fcc703"
          />
          <path
            d="M61.367 8.14l2.532.801 2.081 1.076 2.058 1.31.538.397-2.506 1.04-.426-.915-1.17-1.437-1.302-1.169z"
            fill="#f8c834"
          />
          <path
            d="M57.897 24.286l-2.982-6.657h-3.107l-2.138.702-1.337 2.272z"
            fill="#fccc32"
          />
          <path
            d="M63.267 15.856l-5.369 8.426.057-6.856.903-.435 2.11-.648z"
            fill="#fdd604"
          />
          <path
            d="M67.717 16.986l-3.506-3.663-1.046.16-.067 1.17.167 1.202z"
            fill="#fdd111"
          />
          <path
            d="M45.867 22.946l-.124 9.576-6.758-5.384 1.303-1.386.602-1.17.968-.334 1.37.234 1.403-.467z"
            fill="#feaa02"
          />
          <path
            d="M36.617 25.616l-4.815 4.004 1.568-6.008 1.937.234z"
            fill="#f69306"
          />
          <path
            d="M31.997 22.676l-.567-1.203-.802-.969-10.708 5.747z"
            fill="#fcbe2d"
          />
          <path
            d="M25.023 18.366l.728-.707 2.171-.468 2.105-.067-.535 1.17.268 1.336.868.868z"
            fill="#e89434"
          />
          <path
            d="M13.365 14.846l.793-.726.935.167.602 1.403z"
            fill="#ccb276"
          />
        </g>
      </g>
    </svg>
    <h1
      class="text-2xl lg:text-3xl text-primary font-bold"
    >
      Ahmed HAMEED
    </h1>
  </div>
</div>
`;
